case ('case')
WHITE_SPACE (' ')
IDENT ('exp')
WHITE_SPACE ('\n')
when ('when')
WHITE_SPACE (' ')
IDENT ('value1')
, (',')
WHITE_SPACE (' ')
IDENT ('value2')
WHITE_SPACE ('\n  ')
IDENT ('do_something')
WHITE_SPACE ('\n')
when ('when')
WHITE_SPACE (' ')
IDENT ('value3')
WHITE_SPACE ('\n  ')
IDENT ('do_something_else')
WHITE_SPACE ('\n')
else ('else')
WHITE_SPACE ('\n  ')
IDENT ('do_another_thing')
WHITE_SPACE ('\n')
end ('end')