if ('if')
WHITE_SPACE (' ')
IDENT ('some_condition')
WHITE_SPACE ('\n  ')
IDENT ('do_something')
WHITE_SPACE ('\n')
elsif ('elsif')
WHITE_SPACE (' ')
IDENT ('some_other_condition')
WHITE_SPACE ('\n  ')
IDENT ('do_something_else')
WHITE_SPACE ('\n')
else ('else')
WHITE_SPACE ('\n  ')
IDENT ('do_that')
WHITE_SPACE ('\n')
end ('end')