identifier ('unless')
whitespace (' ')
identifier ('some_condition')
whitespace ('\n  ')
identifier ('then_expression')
whitespace ('\n')
else ('else')
whitespace ('\n  ')
identifier ('else_expression')
whitespace ('\n')
end ('end')