identifier ('a')
whitespace (' ')
= ('=')
whitespace (' ')
true ('true')