IDENT ('a')
WHITE_SPACE (' ')
= ('=')
WHITE_SPACE (' ')
false ('false')