require ('require')
WHITE_SPACE (' ')
BAD_CHARACTER ('"')
IDENT ('spec')
BAD_CHARACTER ('"')