IDENT ('a')
WHITE_SPACE (' ')
= ('=')
WHITE_SPACE (' ')
NUMBER ('1')
WHITE_SPACE ('\n')
IDENT ('while')
WHITE_SPACE (' ')
IDENT ('a')
WHITE_SPACE (' ')
< ('<')
WHITE_SPACE (' ')
NUMBER ('5')
WHITE_SPACE ('\n  ')
IDENT ('a')
WHITE_SPACE (' ')
+= ('+=')
WHITE_SPACE (' ')
NUMBER ('1')
WHITE_SPACE ('\n  ')
if ('if')
WHITE_SPACE (' ')
IDENT ('a')
WHITE_SPACE (' ')
== ('==')
WHITE_SPACE (' ')
NUMBER ('3')
WHITE_SPACE ('\n    ')
IDENT ('next')
WHITE_SPACE ('\n  ')
end ('end')
WHITE_SPACE ('\n  ')
puts ('puts')
WHITE_SPACE (' ')
IDENT ('a')
WHITE_SPACE ('\n')
end ('end')