identifier ('b')
whitespace (' ')
= ('=')
whitespace (' ')
number ('1')
whitespace ('\n')
if ('if')
whitespace (' ')
identifier ('b')
whitespace (' ')
> ('>')
whitespace (' ')
number ('2')
whitespace ('\n  ')
identifier ('b')
whitespace (' ')
= ('=')
whitespace (' ')
number ('10')
whitespace ('\n')
else ('else')
whitespace ('\n  ')
identifier ('b')
whitespace (' ')
= ('=')
whitespace (' ')
number ('20')
whitespace ('\n')
end ('end')