IDENT ('a')
WHITE_SPACE (' ')
= ('=')
WHITE_SPACE (' ')
NUMBER ('2')
WHITE_SPACE ('\n')
IDENT ('while')
WHITE_SPACE (' ')
( ('(')
IDENT ('a')
WHITE_SPACE (' ')
+= ('+=')
WHITE_SPACE (' ')
NUMBER ('1')
) (')')
WHITE_SPACE (' ')
< ('<')
WHITE_SPACE (' ')
NUMBER ('20')
WHITE_SPACE ('\n  ')
if ('if')
WHITE_SPACE (' ')
IDENT ('a')
WHITE_SPACE (' ')
== ('==')
WHITE_SPACE (' ')
NUMBER ('10')
WHITE_SPACE ('\n    ')
line_comment ('# goes to 'puts a'')
WHITE_SPACE ('\n    ')
break ('break')
WHITE_SPACE ('\n  ')
end ('end')
WHITE_SPACE ('\n')
end ('end')