module ('module')
WHITE_SPACE (' ')
STRING ('C')
IDENT ('urses')
WHITE_SPACE ('\n  ')
class ('class')
WHITE_SPACE (' ')
STRING ('W')
IDENT ('indow')
WHITE_SPACE ('\n  ')
end ('end')
WHITE_SPACE ('\n')
end ('end')
WHITE_SPACE ('\n\n')
STRING ('C')
IDENT ('urses')
:: ('::')
STRING ('W')
IDENT ('indow')
. ('.')
new ('new')