class ('class')
whitespace (' ')
proper name ('Person')
whitespace ('\n')
end ('end')