identifier ('a')
whitespace (' ')
= ('=')
whitespace (' ')
nil ('nil')