IDENT ('get')
WHITE_SPACE (' ')
BAD_CHARACTER ('"')
/ ('/')
BAD_CHARACTER ('"')
WHITE_SPACE (' ')
do ('do')
WHITE_SPACE (' ')
| ('|')
IDENT ('ctx')
| ('|')
WHITE_SPACE ('\n  ')
IDENT ('ctx')
. ('.')
IDENT ('response')
. ('.')
IDENT ('content_type')
WHITE_SPACE (' ')
= ('=')
WHITE_SPACE (' ')
BAD_CHARACTER ('"')
IDENT ('text')
/ ('/')
IDENT ('plain')
BAD_CHARACTER ('"')
WHITE_SPACE ('\n  ')
BAD_CHARACTER ('"')
STRING ('H')
IDENT ('ello')
, (',')
WHITE_SPACE (' ')
STRING ('A')
IDENT ('uth0')
! ('!')
BAD_CHARACTER ('"')
WHITE_SPACE ('\n')
end ('end')