def ('def')
whitespace (' ')
identifier ('size')
whitespace ('\n  ')
identifier ('items')
. ('.')
identifier ('size')
whitespace ('\n')
end ('end')