IDENT ('a')
WHITE_SPACE (' ')
= ('=')
WHITE_SPACE (' ')
NUMBER ('1')
WHITE_SPACE ('\n')
if ('if')
WHITE_SPACE (' ')
IDENT ('a')
WHITE_SPACE (' ')
> ('>')
WHITE_SPACE (' ')
NUMBER ('0')
WHITE_SPACE ('\n  ')
IDENT ('a')
WHITE_SPACE (' ')
= ('=')
WHITE_SPACE (' ')
NUMBER ('10')
WHITE_SPACE ('\n')
end ('end')