raise ('raise')
WHITE_SPACE (' ')
BAD_CHARACTER ('"')
IDENT ('oops')
BAD_CHARACTER ('"')