until ('until')
WHITE_SPACE (' ')
IDENT ('some_condition')
WHITE_SPACE ('\n  ')
IDENT ('do_this')
WHITE_SPACE ('\n')
end ('end')